[www.trueblueenergy.com/index.html]
[backblue.gif]
[fade.gif]
[index.html]
[www.trueblueenergy.com/feed/index.html]
[www.trueblueenergy.com/comments/feed/index.html]
[www.trueblueenergy.com/wp-includes/js/jquery/jquery.minf43b.js]
[www.trueblueenergy.com/wp-includes/js/jquery/jquery-migrate.min5589.js]
[www.trueblueenergy.com/wp-content/plugins/cookie-law-info/public/js/cookie-law-info-publica7f4.js]
[www.trueblueenergy.com/wp-content/plugins/enginir-addons/js/addon-scripts109c.js]
[www.trueblueenergy.com/wp-content/themes/enginir/libraries/magnific-popup/jquery.magnific-popup.min109c.js]
[www.trueblueenergy.com/wp-content/themes/enginir/libraries/sticky-toolkit/jquery.sticky-kit.min109c.js]
[www.trueblueenergy.com/wp-content/themes/enginir/js/core.min109c.js]
[www.trueblueenergy.com/wp-content/plugins/enginir-addons/libraries/owl-carousel/owl.carousel.min109c.js]
[www.trueblueenergy.com/wp-json/wp/v2/pages/10938.json]
[www.trueblueenergy.com/xmlrpc0db0.php]
[www.trueblueenergy.com/wp-json/index.html]
[www.trueblueenergy.com/wp-json/oembed/1.0/embeda371.json]
[www.trueblueenergy.com/wp-json/oembed/1.0/embed94cf]
[www.trueblueenergy.com/wp-content/uploads/2019/12/cropped-True-Blue-Energy-Services-Limited-Logo-32x32.png]
[www.trueblueenergy.com/wp-content/uploads/2019/12/cropped-True-Blue-Energy-Services-Limited-Logo-192x192.png]
[www.trueblueenergy.com/wp-content/uploads/2019/12/cropped-True-Blue-Energy-Services-Limited-Logo-180x180.png]
[www.trueblueenergy.com/wp-content/uploads/2022/01/TB-web-logo-1.png]
[www.trueblueenergy.com/wp-content/plugins/revslider/sr6/assets/assets/dummy.png]
[www.trueblueenergy.com/service/lifting-inspection/index.html]
[www.trueblueenergy.com/wp-content/uploads/2021/11/HOME-PAGE-400x417.jpg]
[www.trueblueenergy.com/services/index.html]
[www.trueblueenergy.com/about-us/index.html]
[www.trueblueenergy.com/service/crane-management-services/index.html]
[www.trueblueenergy.com/service/plant-equipment-inspection/index.html]
[www.trueblueenergy.com/wp-content/uploads/2021/11/HOME-PAGE-2-1-346x400.jpg]
[www.trueblueenergy.com/service/hose-management-services/index.html]
[www.trueblueenergy.com/service/epci-services/index.html]
[www.trueblueenergy.com/wp-content/uploads/2022/08/20161014_095644_PAMA.jpg]
[www.trueblueenergy.com/service/asset-integrity-management/index.html]
[www.trueblueenergy.com/service/commissioning-services/index.html]
[www.trueblueenergy.com/wp-content/uploads/2022/02/9-Abmm-540x570.jpg]
[www.trueblueenergy.com/service/lightning-surge-grounding-solutions/index.html]
[www.trueblueenergy.com/service/fabrication-and-machine-shop-services/index.html]
[www.trueblueenergy.com/wp-content/uploads/2022/02/BM-770x350.jpg]
[www.trueblueenergy.com/service/workshop-services/index.html]
[www.trueblueenergy.com/service/testing-and-recertification-of-load-cells-and-load-blocks/index.html]
[www.trueblueenergy.com/wp-content/uploads/2022/02/testing-recertification-770x350.jpg]
[www.trueblueenergy.com/service/zollern-services/index.html]
[www.trueblueenergy.com/wp-content/uploads/2019/10/workshop-img-01@2x.jpg]
[www.trueblueenergy.com/service-category/training/index.html]
[www.trueblueenergy.com/service/opito-training/index.html]
[www.trueblueenergy.com/wp-content/uploads/2018/12/fabrication-770x350.jpg]
[www.trueblueenergy.com/service/compex-training/index.html]
[www.trueblueenergy.com/wp-content/uploads/2018/12/engineering-770x350.jpg]
[www.trueblueenergy.com/service/dpr-mistdo-training/index.html]
[www.trueblueenergy.com/service/city-and-guilds-training/index.html]
[www.trueblueenergy.com/wp-content/uploads/2018/10/lighting-770x350.jpg]
[www.trueblueenergy.com/service/augmented-reality-welding-training/index.html]
[www.trueblueenergy.com/wp-content/uploads/2018/10/asset-managment-770x350.jpg]
[www.trueblueenergy.com/blog/index.html]
[www.trueblueenergy.com/wp-content/uploads/2021/11/banks-man-770x350.jpg]
[www.trueblueenergy.com/contact-us/index.html]
[www.trueblueenergy.com/wp-content/uploads/2018/10/lifting-inspection-770x350.jpg]
[www.trueblueenergy.com/contact/index.html]
[www.trueblueenergy.com/wp-content/uploads/2018/10/Crane-mangnament-770x350.jpg]
[www.trueblueenergy.com/wp-content/uploads/2022/01/hse.jpg]
[www.trueblueenergy.com/wp-content/uploads/2022/01/MIST-DO-Training-770x500.jpg]
[www.trueblueenergy.com/wp-content/uploads/2022/01/compex-design-770x500.png]
[www.trueblueenergy.com/wp-content/uploads/2022/01/opito-trianing-pictures-770x500.jpg]
[www.trueblueenergy.com/wp-content/uploads/2019/08/client-11@2x.png]
[www.trueblueenergy.com/wp-content/uploads/2019/08/client-12@2x.png]
[www.trueblueenergy.com/wp-content/uploads/2019/08/client-09@2x.jpg]
[www.trueblueenergy.com/wp-content/uploads/2019/08/client-10@2x.jpg]
[www.trueblueenergy.com/wp-content/uploads/2019/08/client-08@2x.jpg]
[www.trueblueenergy.com/wp-content/uploads/2019/08/client-06@2x.jpg]
[www.trueblueenergy.com/wp-content/uploads/2019/08/client-04@2x.jpg]
[www.trueblueenergy.com/wp-content/uploads/2019/08/client-13@2x.png]
[www.trueblueenergy.com/wp-content/uploads/2019/08/client-03@2x.jpg]
[www.trueblueenergy.com/wp-content/uploads/2019/08/client-05@2x.jpg]
[www.trueblueenergy.com/wp-content/uploads/2019/08/client-01@2x.jpg]
[www.trueblueenergy.com/wp-content/uploads/2022/09/Comley_Logo.webp]
[www.trueblueenergy.com/wp-content/uploads/2022/02/zollern-logo-1-770x329.jpg]
[www.trueblueenergy.com/wp-content/uploads/2021/11/alltec_logo_black-main.png]
[www.trueblueenergy.com/wp-content/uploads/2021/11/MSL-Logo-main-1.png]
[www.trueblueenergy.com/wp-content/uploads/2019/08/rep-05@2x.jpg]
[www.trueblueenergy.com/wp-content/uploads/2019/08/rep-06@2x.jpg]
[www.trueblueenergy.com/wp-content/uploads/2021/11/cgw-770x500.jpg]
[www.trueblueenergy.com/wp-content/uploads/2021/11/banks-man-770x500.jpg]
[www.trueblueenergy.com/2021/11/21/oil-dives-3-to-below-80-bbl-on-resurgent-pandemic-in-europe/index.html]
[www.trueblueenergy.com/wp-content/uploads/2018/10/asset-managment-770x500.jpg]
[www.trueblueenergy.com/category/energy/index.html]
[www.trueblueenergy.com/wp-content/uploads/2022/01/TB-web-logo-white-bg-300x77.png]
[www.trueblueenergy.com/2021/11/21/how-nigeria-can-tap-53trillion-global-esg-fund-for-oil-projects/index.html]
[www.trueblueenergy.com/wp-content/uploads/2021/11/cgw-150x150.jpg]
[www.trueblueenergy.com/2021/11/21/fg-insists-nigeria-on-track-towards-investment-in-oil-gas-sector/index.html]
[www.trueblueenergy.com/wp-content/uploads/2021/11/banks-man-150x150.jpg]
[www.trueblueenergy.com/wp-includes/js/dist/vendor/wp-polyfill.min2c7c.js]
[www.trueblueenergy.com/wp-content/plugins/contact-form-7/includes/js/index5697.js]
[www.trueblueenergy.com/wp-content/plugins/revslider/sr6/assets/js/rbtools.minefd5.js]
[www.trueblueenergy.com/wp-content/plugins/revslider/sr6/assets/js/rs6.minefd5.js]
[www.trueblueenergy.com/wp-content/plugins/js_composer/assets/lib/vendor/node_modules/isotope-layout/dist/isotope.pkgd.min7035.js]
[www.trueblueenergy.com/wp-content/plugins/js_composer/assets/js/dist/js_composer_front.min7035.js]
[www.trueblueenergy.com/wp-content/plugins/js_composer/assets/lib/vc/vc_waypoints/vc-waypoints.min7035.js]
[www.trueblueenergy.com/index.html]
[www.trueblueenergy.com/wp-includes/css/dist/block-library/style.min109c.css]
[www.trueblueenergy.com/wp-content/plugins/contact-form-7/includes/css/styles5697.css]
[www.trueblueenergy.com/wp-content/plugins/cookie-law-info/public/css/cookie-law-info-publica7f4.css]
[www.trueblueenergy.com/wp-content/plugins/cookie-law-info/public/css/cookie-law-info-gdpra7f4.css]
[www.trueblueenergy.com/wp-content/plugins/dhvc-form/assets/fonts/font-awesome/fonts/fontawesome-webfont862f.eot]
[www.trueblueenergy.com/wp-content/plugins/dhvc-form/assets/fonts/font-awesome/fonts/fontawesome-webfontd41d.eot]
[www.trueblueenergy.com/wp-content/plugins/dhvc-form/assets/fonts/font-awesome/fonts/fontawesome-webfont862f.woff]
[www.trueblueenergy.com/wp-content/plugins/dhvc-form/assets/fonts/font-awesome/fonts/fontawesome-webfont862f.ttf]
[www.trueblueenergy.com/wp-content/plugins/dhvc-form/assets/fonts/font-awesome/css/font-awesome.minbfce.css]
[www.trueblueenergy.com/wp-content/plugins/dhvc-form/assets/images/default-loading.gif]
[www.trueblueenergy.com/wp-content/plugins/dhvc-form/assets/images/captcha-bg.png]
[www.trueblueenergy.com/wp-content/plugins/dhvc-form/assets/css/style.min950a.css]
[www.trueblueenergy.com/wp-content/plugins/js_composer/assets/vc/alert.png]
[www.trueblueenergy.com/wp-content/plugins/js_composer/assets/vc/info.png]
[www.trueblueenergy.com/wp-content/plugins/js_composer/assets/vc/tick.png]
[www.trueblueenergy.com/wp-content/plugins/js_composer/assets/vc/exclamation.png]
[www.trueblueenergy.com/wp-content/plugins/js_composer/assets/images/icons/address-book.png]
[www.trueblueenergy.com/wp-content/plugins/js_composer/assets/images/icons/alarm-clock.png]
[www.trueblueenergy.com/wp-content/plugins/js_composer/assets/images/icons/anchor.png]
[www.trueblueenergy.com/wp-content/plugins/js_composer/assets/images/icons/application-image.png]
[www.trueblueenergy.com/wp-content/plugins/js_composer/assets/images/icons/arrow.png]
[www.trueblueenergy.com/wp-content/plugins/js_composer/assets/images/icons/asterisk.png]
[www.trueblueenergy.com/wp-content/plugins/js_composer/assets/images/icons/auction-hammer.png]
[www.trueblueenergy.com/wp-content/plugins/js_composer/assets/images/icons/balloon.png]
[www.trueblueenergy.com/wp-content/plugins/js_composer/assets/images/icons/balloon-buzz.png]
[www.trueblueenergy.com/wp-content/plugins/js_composer/assets/images/icons/balloon-facebook.png]
[www.trueblueenergy.com/wp-content/plugins/js_composer/assets/images/icons/balloon-twitter.png]
[www.trueblueenergy.com/wp-content/plugins/js_composer/assets/images/icons/battery-full.png]
[www.trueblueenergy.com/wp-content/plugins/js_composer/assets/images/icons/binocular.png]
[www.trueblueenergy.com/wp-content/plugins/js_composer/assets/images/icons/blue-document-excel.png]
[www.trueblueenergy.com/wp-content/plugins/js_composer/assets/images/icons/blue-document-image.png]
[www.trueblueenergy.com/wp-content/plugins/js_composer/assets/images/icons/blue-document-music.png]
[www.trueblueenergy.com/wp-content/plugins/js_composer/assets/images/icons/blue-document-office.png]
[www.trueblueenergy.com/wp-content/plugins/js_composer/assets/images/icons/blue-document-pdf.png]
[www.trueblueenergy.com/wp-content/plugins/js_composer/assets/images/icons/blue-document-powerpoint.png]
[www.trueblueenergy.com/wp-content/plugins/js_composer/assets/images/icons/blue-document-word.png]
[www.trueblueenergy.com/wp-content/plugins/js_composer/assets/images/icons/bookmark.png]
[www.trueblueenergy.com/wp-content/plugins/js_composer/assets/images/icons/camcorder.png]
[www.trueblueenergy.com/wp-content/plugins/js_composer/assets/images/icons/camera.png]
[www.trueblueenergy.com/wp-content/plugins/js_composer/assets/images/icons/chart.png]
[www.trueblueenergy.com/wp-content/plugins/js_composer/assets/images/icons/chart-pie.png]
[www.trueblueenergy.com/wp-content/plugins/js_composer/assets/images/icons/clock.png]
[www.trueblueenergy.com/wp-content/plugins/js_composer/assets/images/icons/control.png]
[www.trueblueenergy.com/wp-content/plugins/js_composer/assets/images/icons/fire.png]
[www.trueblueenergy.com/wp-content/plugins/js_composer/assets/images/icons/heart.png]
[www.trueblueenergy.com/wp-content/plugins/js_composer/assets/images/icons/mail.png]
[www.trueblueenergy.com/wp-content/plugins/js_composer/assets/images/icons/plus-shield.png]
[www.trueblueenergy.com/wp-content/plugins/js_composer/assets/images/icons/video.png]
[www.trueblueenergy.com/wp-content/plugins/js_composer/assets/fonts/vc_icons_v3/fonts/vcpb-plugin-iconscd4b.eot]
[www.trueblueenergy.com/wp-content/plugins/js_composer/assets/fonts/vc_icons_v3/fonts/vcpb-plugin-iconscd4b.ttf]
[www.trueblueenergy.com/wp-content/plugins/js_composer/assets/fonts/vc_icons_v3/fonts/vcpb-plugin-iconscd4b.woff]
[www.trueblueenergy.com/wp-content/plugins/js_composer/assets/images/toggle_open.png]
[www.trueblueenergy.com/wp-content/plugins/js_composer/assets/images/toggle_close.png]
[www.trueblueenergy.com/wp-content/plugins/js_composer/assets/images/flickr.png]
[www.trueblueenergy.com/wp-content/plugins/js_composer/assets/fonts/vc_grid/vc_grid_v157a1.eot]
[www.trueblueenergy.com/wp-content/plugins/js_composer/assets/fonts/vc_grid/vc_grid_v1d41d.eot]
[www.trueblueenergy.com/wp-content/plugins/js_composer/assets/fonts/vc_grid/vc_grid_v157a1.woff]
[www.trueblueenergy.com/wp-content/plugins/js_composer/assets/fonts/vc_grid/vc_grid_v157a1.ttf]
[www.trueblueenergy.com/wp-content/plugins/js_composer/assets/images/spinner.gif]
[www.trueblueenergy.com/wp-content/plugins/js_composer/assets/vc/remove.png]
[www.trueblueenergy.com/wp-content/plugins/js_composer/assets/css/js_composer.min7035.css]
[www.trueblueenergy.com/wp-content/themes/enginir/libraries/bootstrap/css/bootstrap.min109c.css]
[www.trueblueenergy.com/wp-content/themes/enginir/css/core.min109c.css]
[www.trueblueenergy.com/wp-content/themes/enginir/css/theme.min109c.css]
[www.trueblueenergy.com/wp-content/themes/enginir/libraries/magnific-popup/magnific-popup109c.css]
[www.trueblueenergy.com/wp-content/themes/enginir/libraries/creativesplanet-base-icons/font/creativesplanet-base-iconscac5.eot]
[www.trueblueenergy.com/wp-content/themes/enginir/libraries/creativesplanet-base-icons/font/creativesplanet-base-iconscac5.woff2]
[www.trueblueenergy.com/wp-content/themes/enginir/libraries/creativesplanet-base-icons/font/creativesplanet-base-iconscac5.woff]
[www.trueblueenergy.com/wp-content/themes/enginir/libraries/creativesplanet-base-icons/font/creativesplanet-base-iconscac5.ttf]
[www.trueblueenergy.com/wp-content/themes/enginir/libraries/creativesplanet-base-icons/css/creativesplanet-base-icons109c.css]
[www.trueblueenergy.com/wp-content/themes/enginir/libraries/balloon/balloon.min109c.css]
[www.trueblueenergy.com/wp-content/uploads/2021/11/HOME-SLIDER-41.jpg]
[www.trueblueenergy.com/wp-content/cspt-enginir-css/theme-style.min17ef.css]
[www.trueblueenergy.com/wp-content/themes/enginir/css/responsive.min109c.css]
[www.trueblueenergy.com/wp-content/plugins/js_composer/assets/lib/vendor/node_modules/@fortawesome/fontawesome-free/css/v4-shims.min7035.css]
[www.trueblueenergy.com/wp-content/plugins/js_composer/assets/lib/vendor/node_modules/@fortawesome/fontawesome-free/webfonts/fa-brands-400.eot]
[www.trueblueenergy.com/wp-content/plugins/js_composer/assets/lib/vendor/node_modules/@fortawesome/fontawesome-free/webfonts/fa-brands-400d41d.eot]
[www.trueblueenergy.com/wp-content/plugins/js_composer/assets/lib/vendor/node_modules/@fortawesome/fontawesome-free/webfonts/fa-brands-400.woff2]
[www.trueblueenergy.com/wp-content/plugins/js_composer/assets/lib/vendor/node_modules/@fortawesome/fontawesome-free/webfonts/fa-brands-400.woff]
[www.trueblueenergy.com/wp-content/plugins/js_composer/assets/lib/vendor/node_modules/@fortawesome/fontawesome-free/webfonts/fa-brands-400.ttf]
[www.trueblueenergy.com/wp-content/plugins/js_composer/assets/lib/vendor/node_modules/@fortawesome/fontawesome-free/webfonts/fa-regular-400.eot]
[www.trueblueenergy.com/wp-content/plugins/js_composer/assets/lib/vendor/node_modules/@fortawesome/fontawesome-free/webfonts/fa-regular-400d41d.eot]
[www.trueblueenergy.com/wp-content/plugins/js_composer/assets/lib/vendor/node_modules/@fortawesome/fontawesome-free/webfonts/fa-regular-400.woff2]
[www.trueblueenergy.com/wp-content/plugins/js_composer/assets/lib/vendor/node_modules/@fortawesome/fontawesome-free/webfonts/fa-regular-400.woff]
[www.trueblueenergy.com/wp-content/plugins/js_composer/assets/lib/vendor/node_modules/@fortawesome/fontawesome-free/webfonts/fa-regular-400.ttf]
[www.trueblueenergy.com/wp-content/plugins/js_composer/assets/lib/vendor/node_modules/@fortawesome/fontawesome-free/webfonts/fa-solid-900.eot]
[www.trueblueenergy.com/wp-content/plugins/js_composer/assets/lib/vendor/node_modules/@fortawesome/fontawesome-free/webfonts/fa-solid-900d41d.eot]
[www.trueblueenergy.com/wp-content/plugins/js_composer/assets/lib/vendor/node_modules/@fortawesome/fontawesome-free/webfonts/fa-solid-900.woff2]
[www.trueblueenergy.com/wp-content/plugins/js_composer/assets/lib/vendor/node_modules/@fortawesome/fontawesome-free/webfonts/fa-solid-900.woff]
[www.trueblueenergy.com/wp-content/plugins/js_composer/assets/lib/vendor/node_modules/@fortawesome/fontawesome-free/webfonts/fa-solid-900.ttf]
[www.trueblueenergy.com/wp-content/plugins/js_composer/assets/lib/vendor/node_modules/@fortawesome/fontawesome-free/css/all.min7035.css]
[www.trueblueenergy.com/wp-content/plugins/enginir-addons/libraries/owl-carousel/assets/owl.video.play.png]
[www.trueblueenergy.com/wp-content/plugins/enginir-addons/libraries/owl-carousel/assets/owl.carousel.min109c.css]
[www.trueblueenergy.com/wp-content/plugins/enginir-addons/libraries/owl-carousel/assets/owl.theme.default.min109c.css]
[www.trueblueenergy.com/wp-content/plugins/enginir-addons/libraries/font-awesome/fonts/fontawesome-webfont3e6e.eot]
[www.trueblueenergy.com/wp-content/plugins/enginir-addons/libraries/font-awesome/fonts/fontawesome-webfontd41d.eot]
[www.trueblueenergy.com/wp-content/plugins/enginir-addons/libraries/font-awesome/fonts/fontawesome-webfont3e6e.woff2]
[www.trueblueenergy.com/wp-content/plugins/enginir-addons/libraries/font-awesome/fonts/fontawesome-webfont3e6e.woff]
[www.trueblueenergy.com/wp-content/plugins/enginir-addons/libraries/font-awesome/fonts/fontawesome-webfont3e6e.ttf]
[www.trueblueenergy.com/wp-content/plugins/enginir-addons/libraries/font-awesome/css/font-awesome.min109c.css]
[www.trueblueenergy.com/wp-content/plugins/enginir-addons/libraries/cspt-enginir-icon/Flaticon.eot]
[www.trueblueenergy.com/wp-content/plugins/enginir-addons/libraries/cspt-enginir-icon/Flaticond41d.eot]
[www.trueblueenergy.com/wp-content/plugins/enginir-addons/libraries/cspt-enginir-icon/Flaticon.woff2]
[www.trueblueenergy.com/wp-content/plugins/enginir-addons/libraries/cspt-enginir-icon/Flaticon.woff]
[www.trueblueenergy.com/wp-content/plugins/enginir-addons/libraries/cspt-enginir-icon/Flaticon.ttf]
[www.trueblueenergy.com/wp-content/plugins/enginir-addons/libraries/cspt-enginir-icon/flaticon109c.css]
[www.trueblueenergy.com/indexdc81.html]
[demo.creativesplanet.com/enginir/enginir-datasite/wp-content/uploads/sites/9/2019/02/img-06d582.html]
[www.trueblueenergy.com/wp-json/wp/v2/pages/8549.json]
[www.trueblueenergy.com/wp-json/oembed/1.0/embed171a.json]
[www.trueblueenergy.com/wp-json/oembed/1.0/embedf1ed]
[www.trueblueenergy.com/wp-content/uploads/2021/11/HOME-PAGE-2-1-500x570.jpg]
[www.trueblueenergy.com/wp-content/uploads/2018/10/Crane-mangnament-600x365.jpg]
[www.trueblueenergy.com/wp-content/uploads/2021/11/workshop-600x365.jpg]
[www.trueblueenergy.com/wp-content/uploads/2021/11/crane-support-600x365.jpg]
[www.trueblueenergy.com/wp-content/uploads/2022/01/hse-565x595.jpg]
[www.trueblueenergy.com/about-us/index.html]
[www.trueblueenergy.com/wp-json/wp/v2/pages/8560.json]
[www.trueblueenergy.com/wp-json/oembed/1.0/embed2c5b.json]
[www.trueblueenergy.com/wp-json/oembed/1.0/embed4169]
[www.trueblueenergy.com/wp-content/uploads/2018/10/plant-inspection-770x350.jpg]
[www.trueblueenergy.com/wp-content/uploads/2018/10/comissioning--770x350.jpg]
[www.trueblueenergy.com/services/index.html]
[www.trueblueenergy.com/wp-json/oembed/1.0/embede8a9.json]
[www.trueblueenergy.com/wp-json/oembed/1.0/embed1b87]
[www.trueblueenergy.com/wp-content/uploads/2018/10/lifting-inspection.jpg]
[www.trueblueenergy.com/wp-content/uploads/2018/10/8-B1-600x600.jpg]
[www.trueblueenergy.com/service/lifting-inspection/index.html]
[www.trueblueenergy.com/wp-json/oembed/1.0/embedc1da.json]
[www.trueblueenergy.com/wp-json/oembed/1.0/embed3241]
[www.trueblueenergy.com/wp-content/uploads/2018/10/Crane-mangnament.jpg]
[www.trueblueenergy.com/wp-content/uploads/2018/10/crane-support-600x600.jpg]
[www.trueblueenergy.com/service/crane-management-services/index.html]
[www.trueblueenergy.com/wp-json/oembed/1.0/embedc81d.json]
[www.trueblueenergy.com/wp-json/oembed/1.0/embed762f]
[www.trueblueenergy.com/wp-content/uploads/2018/10/plant-inspection.jpg]
[www.trueblueenergy.com/service/plant-equipment-inspection/index.html]
[www.trueblueenergy.com/wp-json/oembed/1.0/embed14f3.json]
[www.trueblueenergy.com/wp-json/oembed/1.0/embed3f76]
[www.trueblueenergy.com/wp-content/uploads/2018/10/comissioning-.jpg]
[www.trueblueenergy.com/wp-content/uploads/2018/10/hose-600x500.jpg]
[www.trueblueenergy.com/service/hose-management-services/index.html]
[www.trueblueenergy.com/wp-json/oembed/1.0/embedd998.json]
[www.trueblueenergy.com/wp-json/oembed/1.0/embedf906]
[www.trueblueenergy.com/wp-content/uploads/2018/12/fabrication.jpg]
[www.trueblueenergy.com/service/epci-services/index.html]
[www.trueblueenergy.com/wp-json/oembed/1.0/embed494e.json]
[www.trueblueenergy.com/wp-json/oembed/1.0/embed7283]
[www.trueblueenergy.com/wp-content/uploads/2018/10/asset-managment.jpg]
[www.trueblueenergy.com/wp-content/uploads/2018/10/asset-managment-600x500.jpg]
[www.trueblueenergy.com/service/asset-integrity-management/index.html]
[www.trueblueenergy.com/wp-json/oembed/1.0/embedd0c0.json]
[www.trueblueenergy.com/wp-json/oembed/1.0/embed53dc]
[www.trueblueenergy.com/wp-content/uploads/2021/11/banks-man.jpg]
[www.trueblueenergy.com/service/commissioning-services/index.html]
[www.trueblueenergy.com/wp-json/oembed/1.0/embed577e.json]
[www.trueblueenergy.com/wp-json/oembed/1.0/embedb55f]
[www.trueblueenergy.com/wp-content/uploads/2018/10/lighting.jpg]
[www.trueblueenergy.com/wp-content/uploads/2018/10/lighting-600x500.jpg]
[www.trueblueenergy.com/service/lightning-surge-grounding-solutions/index.html]
[www.trueblueenergy.com/wp-json/oembed/1.0/embed018c.json]
[www.trueblueenergy.com/wp-json/oembed/1.0/embed1198]
[www.trueblueenergy.com/wp-content/uploads/2018/12/engineering.jpg]
[www.trueblueenergy.com/service/fabrication-and-machine-shop-services/index.html]
[www.trueblueenergy.com/wp-json/oembed/1.0/embed2b4f.json]
[www.trueblueenergy.com/wp-json/oembed/1.0/embedf0c2]
[www.trueblueenergy.com/wp-content/uploads/2021/11/workshop-600x500.jpg]
[www.trueblueenergy.com/service/workshop-services/index.html]
[www.trueblueenergy.com/wp-json/oembed/1.0/embed50cb.json]
[www.trueblueenergy.com/wp-json/oembed/1.0/embed34a7]
[www.trueblueenergy.com/wp-content/uploads/2022/02/testing-recertification-scaled.jpg]
[www.trueblueenergy.com/service/testing-and-recertification-of-load-cells-and-load-blocks/index.html]
[www.trueblueenergy.com/wp-json/oembed/1.0/embed4af4.json]
[www.trueblueenergy.com/wp-json/oembed/1.0/embed1d7a]
[www.trueblueenergy.com/wp-content/uploads/2022/02/BM-scaled.jpg]
[www.trueblueenergy.com/wp-content/uploads/2022/02/9-Abmm-600x500.jpg]
[www.trueblueenergy.com/service/zollern-services/index.html]
[www.trueblueenergy.com/wp-content/uploads/2021/11/Augumented-weilding-reality-770x500.jpg]
[www.trueblueenergy.com/service-category/training/feed/index.html]
[www.trueblueenergy.com/wp-content/uploads/2021/11/CGT-770x500.jpg]
[www.trueblueenergy.com/service-category/training/index.html]
[www.trueblueenergy.com/wp-json/oembed/1.0/embed78ae.json]
[www.trueblueenergy.com/wp-json/oembed/1.0/embedfeb4]
[www.trueblueenergy.com/wp-content/uploads/2022/01/opito-trianing-pictures.jpg]
[www.trueblueenergy.com/wp-content/uploads/2021/11/banks-man-1-600x500.jpg]
[www.trueblueenergy.com/wp-content/uploads/2022/01/compex-design-770x350.png]
[www.trueblueenergy.com/wp-content/uploads/2021/11/CGT-770x350.jpg]
[www.trueblueenergy.com/enroll-now/index.html]
[www.trueblueenergy.com/wp-content/uploads/2021/11/Augumented-weilding-reality-770x350.jpg]
[www.trueblueenergy.com/service/opito-training/index.html]
[www.trueblueenergy.com/wp-json/oembed/1.0/embeda8a9.json]
[www.trueblueenergy.com/wp-json/oembed/1.0/embed6bf7]
[www.trueblueenergy.com/wp-content/uploads/2022/01/compex-design.png]
[www.trueblueenergy.com/wp-content/uploads/2022/01/compex-design-600x600.png]
[www.trueblueenergy.com/wp-content/uploads/2022/01/opito-trianing-pictures-770x350.jpg]
[www.trueblueenergy.com/wp-content/uploads/2022/01/MIST-DO-Training-770x350.jpg]
[www.trueblueenergy.com/service/compex-training/index.html]
[www.trueblueenergy.com/wp-json/oembed/1.0/embedf9be.json]
[www.trueblueenergy.com/wp-json/oembed/1.0/embedfeac]
[www.trueblueenergy.com/wp-content/uploads/2022/01/MIST-DO-Training.jpg]
[www.trueblueenergy.com/wp-content/uploads/2021/11/MISTDO-TRAINING-600x500.jpg]
[www.trueblueenergy.com/service/dpr-mistdo-training/index.html]
[www.trueblueenergy.com/wp-json/oembed/1.0/embed54c6.json]
[www.trueblueenergy.com/wp-json/oembed/1.0/embed6f40]
[www.trueblueenergy.com/wp-content/uploads/2021/11/CGT.jpg]
[www.trueblueenergy.com/wp-content/uploads/2021/11/CGT-600x500.jpg]
[www.trueblueenergy.com/service/city-and-guilds-training/index.html]
[www.trueblueenergy.com/wp-json/oembed/1.0/embeda20a.json]
[www.trueblueenergy.com/wp-json/oembed/1.0/embedfe3e]
[www.trueblueenergy.com/wp-content/uploads/2021/11/Augumented-weilding-reality.jpg]
[www.trueblueenergy.com/wp-content/uploads/2021/11/Augumented-weilding-reality-600x500.jpg]
[www.trueblueenergy.com/service/augmented-reality-welding-training/index.html]
[www.trueblueenergy.com/wp-json/wp/v2/pages/8585.json]
[www.trueblueenergy.com/wp-json/oembed/1.0/embedcad0.json]
[www.trueblueenergy.com/wp-json/oembed/1.0/embeda033]
[www.trueblueenergy.com/blog/index.html]
[www.trueblueenergy.com/wp-json/wp/v2/pages/8593.json]
[www.trueblueenergy.com/wp-json/oembed/1.0/embed21fb.json]
[www.trueblueenergy.com/wp-json/oembed/1.0/embed36cd]
[www.trueblueenergy.com/contact/index.html]
[www.trueblueenergy.com/contact-us/index.html]
[www.trueblueenergy.com/wp-content/uploads/2021/11/cgw.jpg]
[www.trueblueenergy.com/2021/11/21/oil-dives-3-to-below-80-bbl-on-resurgent-pandemic-in-europe/feed/index.html]
[www.trueblueenergy.com/wp-json/wp/v2/posts/11572.json]
[www.trueblueenergy.com/wp-json/oembed/1.0/embed8ec4.json]
[www.trueblueenergy.com/wp-json/oembed/1.0/embed6908]
[www.trueblueenergy.com/wp-content/uploads/2018/10/asset-managment-150x150.jpg]
[www.trueblueenergy.com/wp-includes/js/comment-reply.min109c.js]
[www.trueblueenergy.com/2021/11/21/oil-dives-3-to-below-80-bbl-on-resurgent-pandemic-in-europe/index.html]
[www.trueblueenergy.com/author/trueblueenegy/index.html]
[www.trueblueenergy.com/wp-json/wp/v2/categories/31.json]
[www.trueblueenergy.com/category/energy/index.html]
[www.trueblueenergy.com/category/energy/feed/index.html]
[www.trueblueenergy.com/wp-json/wp/v2/posts/11569.json]
[www.trueblueenergy.com/wp-json/oembed/1.0/embed9af8.json]
[www.trueblueenergy.com/2021/11/21/how-nigeria-can-tap-53trillion-global-esg-fund-for-oil-projects/feed/index.html]
[www.trueblueenergy.com/wp-json/oembed/1.0/embed51e6]
[www.trueblueenergy.com/2021/11/21/how-nigeria-can-tap-53trillion-global-esg-fund-for-oil-projects/index.html]
[www.trueblueenergy.com/2021/11/21/fg-insists-nigeria-on-track-towards-investment-in-oil-gas-sector/feed/index.html]
[www.trueblueenergy.com/wp-json/wp/v2/posts/11567.json]
[www.trueblueenergy.com/wp-json/oembed/1.0/embedb25a.json]
[www.trueblueenergy.com/wp-json/oembed/1.0/embed8082]
[www.trueblueenergy.com/2021/11/21/fg-insists-nigeria-on-track-towards-investment-in-oil-gas-sector/index.html]
[www.trueblueenergy.com/wp-content/plugins/cookie-law-info/images/td_back.gif]
[www.trueblueenergy.com/wp-content/plugins/cookie-law-info/public/css/cookie-law-info-tablea7f4.css]
[www.trueblueenergy.com/wp-content/plugins/revslider/sr6/assets/fonts/revicons/revicons90c6.eot]
[www.trueblueenergy.com/wp-content/plugins/revslider/sr6/assets/fonts/revicons/revicons90c6.woff]
[www.trueblueenergy.com/wp-content/plugins/revslider/sr6/assets/fonts/revicons/revicons90c6.ttf]
[www.trueblueenergy.com/wp-content/plugins/revslider/sr6/assets/assets/gridtile.png]
[www.trueblueenergy.com/wp-content/plugins/revslider/sr6/assets/assets/gridtile_white.png]
[www.trueblueenergy.com/wp-content/plugins/revslider/sr6/assets/assets/gridtile_3x3.png]
[www.trueblueenergy.com/wp-content/plugins/revslider/sr6/assets/assets/gridtile_3x3_white.png]
[www.trueblueenergy.com/wp-content/plugins/revslider/sr6/assets/assets/coloredbg.png]
[www.trueblueenergy.com/wp-content/plugins/revslider/sr6/assets/assets/loader.gif]
[www.trueblueenergy.com/wp-content/plugins/revslider/sr6/assets/css/rs6efd5.css]
[www.trueblueenergy.com/wp-content/plugins/dhvc-form/assets/fonts/font-awesome/fonts/fontawesome-webfont862f.svg]
[www.trueblueenergy.com/wp-content/plugins/js_composer/assets/fonts/vc_icons_v3/fonts/vcpb-plugin-iconscd4b.svg]
[www.trueblueenergy.com/wp-content/plugins/js_composer/assets/fonts/vc_grid/vc_grid_v157a1.svg]
[www.trueblueenergy.com/wp-content/themes/enginir/libraries/creativesplanet-base-icons/font/creativesplanet-base-iconscac5.svg]
[www.trueblueenergy.com/wp-content/plugins/js_composer/assets/lib/vendor/node_modules/@fortawesome/fontawesome-free/webfonts/fa-brands-400.svg]
[www.trueblueenergy.com/wp-content/plugins/js_composer/assets/lib/vendor/node_modules/@fortawesome/fontawesome-free/webfonts/fa-regular-400.svg]
[www.trueblueenergy.com/wp-content/plugins/js_composer/assets/lib/vendor/node_modules/@fortawesome/fontawesome-free/webfonts/fa-solid-900.svg]
[www.trueblueenergy.com/wp-content/plugins/enginir-addons/libraries/font-awesome/fonts/fontawesome-webfont3e6e.svg]
[www.trueblueenergy.com/wp-content/plugins/enginir-addons/libraries/cspt-enginir-icon/Flaticon.svg]
[www.trueblueenergy.com/index9add.html]
[www.trueblueenergy.com/index4a76.html]
[www.trueblueenergy.com/index74ae.html]
[www.trueblueenergy.com/index3686.html]
[www.trueblueenergy.com/indexc7d3.html]
[www.trueblueenergy.com/index4949.html]
[www.trueblueenergy.com/indexb1b4.html]
[www.trueblueenergy.com/indexfea7.html]
[www.trueblueenergy.com/index95d6.html]
[www.trueblueenergy.com/index491c.html]
[www.trueblueenergy.com/index9d6a.html]
[www.trueblueenergy.com/index3312.html]
[www.trueblueenergy.com/indexc7d0.html]
[www.trueblueenergy.com/indexe183.html]
[www.trueblueenergy.com/indexfcfd.html]
[www.trueblueenergy.com/wp-json/wp/v2/pages/11609.json]
[www.trueblueenergy.com/wp-json/oembed/1.0/embed309e.json]
[www.trueblueenergy.com/wp-json/oembed/1.0/embedc925]
[www.trueblueenergy.com/enroll-now/index.html]
[www.trueblueenergy.com/indexe3ab.html]
[www.trueblueenergy.com/index9ac9.html]
[www.trueblueenergy.com/index1f54.html]
[www.trueblueenergy.com/indexd8d1.html]
[www.trueblueenergy.com/indexcb0f.html]
[www.trueblueenergy.com/index3d67.html]
[www.trueblueenergy.com/indexd31d.html]
[www.trueblueenergy.com/xmlrpc.php]
[www.trueblueenergy.com/author/trueblueenegy/feed/index.html]
[www.trueblueenergy.com/author/trueblueenegy/index.html]
[www.trueblueenergy.com/index12f4.html]
[www.trueblueenergy.com/index9c0b.html]
[www.trueblueenergy.com/wp-content/plugins/revslider/sr6/assets/fonts/revicons/revicons90c6.svg]
[www.trueblueenergy.com/wp-content/plugins/revslider/sr6/assets/css/openhand.html]
[www.trueblueenergy.com/wp-content/plugins/revslider/sr6/assets/css/closedhand.html]
[www.trueblueenergy.com/index3e03.html]
[www.trueblueenergy.com/wp-json/wp/v2/users/3.json]
